[mlir-neura-opt] No architecture specification file provided, using default configuration
--------------------------------------------------
Static Features Extracted & Annotated
--------------------------------------------------
==================================================================
Task Analysis: Analyzing & Annotating IR for main
==================================================================
Found 190 tasks and 185 dependencies.

[DOT Graph Visualization]
digraph TaskGraph {
  rankdir=TB;
  node [shape=box, style=filled, fillcolor=white];
  Task0 [label="Task 0"];
  Task1 [label="Task 1"];
  Task2 [label="Task 2"];
  Task3 [label="Task 3"];
  Task4 [label="Task 4"];
  Task5 [label="Task 5"];
  Task6 [label="Task 6"];
  Task7 [label="Task 7"];
  Task8 [label="Task 8"];
  Task9 [label="Task 9"];
  Task10 [label="Task 10"];
  Task11 [label="Task 11"];
  Task12 [label="Task 12"];
  Task13 [label="Task 13"];
  Task14 [label="Task 14"];
  Task15 [label="Task 15"];
  Task16 [label="Task 16"];
  Task17 [label="Task 17"];
  Task18 [label="Task 18"];
  Task19 [label="Task 19"];
  Task20 [label="Task 20"];
  Task21 [label="Task 21"];
  Task22 [label="Task 22"];
  Task23 [label="Task 23"];
  Task24 [label="Task 24"];
  Task25 [label="Task 25"];
  Task26 [label="Task 26"];
  Task27 [label="Task 27"];
  Task28 [label="Task 28"];
  Task29 [label="Task 29"];
  Task30 [label="Task 30"];
  Task31 [label="Task 31"];
  Task32 [label="Task 32"];
  Task33 [label="Task 33"];
  Task34 [label="Task 34"];
  Task35 [label="Task 35"];
  Task36 [label="Task 36"];
  Task37 [label="Task 37"];
  Task38 [label="Task 38"];
  Task39 [label="Task 39"];
  Task40 [label="Task 40"];
  Task41 [label="Task 41"];
  Task42 [label="Task 42"];
  Task43 [label="Task 43"];
  Task44 [label="Task 44"];
  Task45 [label="Task 45"];
  Task46 [label="Task 46"];
  Task47 [label="Task 47"];
  Task48 [label="Task 48"];
  Task49 [label="Task 49"];
  Task50 [label="Task 50"];
  Task51 [label="Task 51"];
  Task52 [label="Task 52"];
  Task53 [label="Task 53"];
  Task54 [label="Task 54"];
  Task55 [label="Task 55"];
  Task56 [label="Task 56"];
  Task57 [label="Task 57"];
  Task58 [label="Task 58"];
  Task59 [label="Task 59"];
  Task60 [label="Task 60"];
  Task61 [label="Task 61"];
  Task62 [label="Task 62"];
  Task63 [label="Task 63"];
  Task64 [label="Task 64"];
  Task65 [label="Task 65"];
  Task66 [label="Task 66"];
  Task67 [label="Task 67"];
  Task68 [label="Task 68"];
  Task69 [label="Task 69"];
  Task70 [label="Task 70"];
  Task71 [label="Task 71"];
  Task72 [label="Task 72"];
  Task73 [label="Task 73"];
  Task74 [label="Task 74"];
  Task75 [label="Task 75"];
  Task76 [label="Task 76"];
  Task77 [label="Task 77"];
  Task78 [label="Task 78"];
  Task79 [label="Task 79"];
  Task80 [label="Task 80"];
  Task81 [label="Task 81"];
  Task82 [label="Task 82"];
  Task83 [label="Task 83"];
  Task84 [label="Task 84"];
  Task85 [label="Task 85"];
  Task86 [label="Task 86"];
  Task87 [label="Task 87"];
  Task88 [label="Task 88"];
  Task89 [label="Task 89"];
  Task90 [label="Task 90"];
  Task91 [label="Task 91"];
  Task92 [label="Task 92"];
  Task93 [label="Task 93"];
  Task94 [label="Task 94"];
  Task95 [label="Task 95"];
  Task96 [label="Task 96"];
  Task97 [label="Task 97"];
  Task98 [label="Task 98"];
  Task99 [label="Task 99"];
  Task100 [label="Task 100"];
  Task101 [label="Task 101"];
  Task102 [label="Task 102"];
  Task103 [label="Task 103"];
  Task104 [label="Task 104"];
  Task105 [label="Task 105"];
  Task106 [label="Task 106"];
  Task107 [label="Task 107"];
  Task108 [label="Task 108"];
  Task109 [label="Task 109"];
  Task110 [label="Task 110"];
  Task111 [label="Task 111"];
  Task112 [label="Task 112"];
  Task113 [label="Task 113"];
  Task114 [label="Task 114"];
  Task115 [label="Task 115"];
  Task116 [label="Task 116"];
  Task117 [label="Task 117"];
  Task118 [label="Task 118"];
  Task119 [label="Task 119"];
  Task120 [label="Task 120"];
  Task121 [label="Task 121"];
  Task122 [label="Task 122"];
  Task123 [label="Task 123"];
  Task124 [label="Task 124"];
  Task125 [label="Task 125"];
  Task126 [label="Task 126"];
  Task127 [label="Task 127"];
  Task128 [label="Task 128"];
  Task129 [label="Task 129"];
  Task130 [label="Task 130"];
  Task131 [label="Task 131"];
  Task132 [label="Task 132"];
  Task133 [label="Task 133"];
  Task134 [label="Task 134"];
  Task135 [label="Task 135"];
  Task136 [label="Task 136"];
  Task137 [label="Task 137"];
  Task138 [label="Task 138"];
  Task139 [label="Task 139"];
  Task140 [label="Task 140"];
  Task141 [label="Task 141"];
  Task142 [label="Task 142"];
  Task143 [label="Task 143"];
  Task144 [label="Task 144"];
  Task145 [label="Task 145"];
  Task146 [label="Task 146"];
  Task147 [label="Task 147"];
  Task148 [label="Task 148"];
  Task149 [label="Task 149"];
  Task150 [label="Task 150"];
  Task151 [label="Task 151"];
  Task152 [label="Task 152"];
  Task153 [label="Task 153"];
  Task154 [label="Task 154"];
  Task155 [label="Task 155"];
  Task156 [label="Task 156"];
  Task157 [label="Task 157"];
  Task158 [label="Task 158"];
  Task159 [label="Task 159"];
  Task160 [label="Task 160"];
  Task161 [label="Task 161"];
  Task162 [label="Task 162"];
  Task163 [label="Task 163"];
  Task164 [label="Task 164"];
  Task165 [label="Task 165"];
  Task166 [label="Task 166"];
  Task167 [label="Task 167"];
  Task168 [label="Task 168"];
  Task169 [label="Task 169"];
  Task170 [label="Task 170"];
  Task171 [label="Task 171"];
  Task172 [label="Task 172"];
  Task173 [label="Task 173"];
  Task174 [label="Task 174"];
  Task175 [label="Task 175"];
  Task176 [label="Task 176"];
  Task177 [label="Task 177"];
  Task178 [label="Task 178"];
  Task179 [label="Task 179"];
  Task180 [label="Task 180"];
  Task181 [label="Task 181"];
  Task182 [label="Task 182"];
  Task183 [label="Task 183"];
  Task184 [label="Task 184"];
  Task185 [label="Task 185"];
  Task186 [label="Task 186"];
  Task187 [label="Task 187"];
  Task188 [label="Task 188"];
  Task189 [label="Task 189"];
  Task2 -> Task3 [color="#006400", penwidth=2.0, label="Flow"];
  Task3 -> Task5 [color="#006400", penwidth=2.0, label="Flow"];
  Task4 -> Task5 [color="#006400", penwidth=2.0, label="Flow"];
  Task5 -> Task7 [color="#006400", penwidth=2.0, label="Flow"];
  Task5 -> Task9 [color="#006400", penwidth=2.0, label="Flow"];
  Task5 -> Task19 [color="#006400", penwidth=2.0, label="Flow"];
  Task5 -> Task66 [color="#006400", penwidth=2.0, label="Flow"];
  Task7 -> Task8 [color="#006400", penwidth=2.0, label="Flow"];
  Task8 -> Task19 [color="#006400", penwidth=2.0, label="Flow"];
  Task9 -> Task11 [color="#006400", penwidth=2.0, label="Flow"];
  Task9 -> Task13 [color="#006400", penwidth=2.0, label="Flow"];
  Task11 -> Task12 [color="#006400", penwidth=2.0, label="Flow"];
  Task12 -> Task13 [color="#006400", penwidth=2.0, label="Flow"];
  Task13 -> Task14 [color="#006400", penwidth=2.0, label="Flow"];
  Task14 -> Task15 [color="#006400", penwidth=2.0, label="Flow"];
  Task15 -> Task16 [color="#006400", penwidth=2.0, label="Flow"];
  Task16 -> Task17 [color="#006400", penwidth=2.0, label="Flow"];
  Task17 -> Task18 [color="#006400", penwidth=2.0, label="Flow"];
  Task18 -> Task21 [color="#006400", penwidth=2.0, label="Flow"];
  Task19 -> Task20 [color="#006400", penwidth=2.0, label="Flow"];
  Task20 -> Task22 [color="#006400", penwidth=2.0, label="Flow"];
  Task21 -> Task22 [color="#006400", penwidth=2.0, label="Flow"];
  Task22 -> Task23 [color="#006400", penwidth=2.0, label="Flow"];
  Task23 -> Task25 [color="#006400", penwidth=2.0, label="Flow"];
  Task24 -> Task26 [color="#006400", penwidth=2.0, label="Flow"];
  Task25 -> Task28 [color="#006400", penwidth=2.0, label="Flow"];
  Task25 -> Task33 [color="#006400", penwidth=2.0, label="Flow"];
  Task25 -> Task37 [color="#006400", penwidth=2.0, label="Flow"];
  Task26 -> Task28 [color="#006400", penwidth=2.0, label="Flow"];
  Task28 -> Task29 [color="#006400", penwidth=2.0, label="Flow"];
  Task30 -> Task41 [color="#006400", penwidth=2.0, label="Flow"];
  Task31 -> Task32 [color="#006400", penwidth=2.0, label="Flow"];
  Task32 -> Task33 [color="#006400", penwidth=2.0, label="Flow"];
  Task33 -> Task34 [color="#006400", penwidth=2.0, label="Flow"];
  Task35 -> Task36 [color="#006400", penwidth=2.0, label="Flow"];
  Task36 -> Task37 [color="#006400", penwidth=2.0, label="Flow"];
  Task37 -> Task38 [color="#006400", penwidth=2.0, label="Flow"];
  Task39 -> Task57 [color="#006400", penwidth=2.0, label="Flow"];
  Task40 -> Task42 [color="#006400", penwidth=2.0, label="Flow"];
  Task45 -> Task47 [color="#006400", penwidth=2.0, label="Flow"];
  Task46 -> Task47 [color="#006400", penwidth=2.0, label="Flow"];
  Task46 -> Task139 [color="#006400", penwidth=2.0, label="Flow"];
  Task47 -> Task50 [color="#006400", penwidth=2.0, label="Flow"];
  Task47 -> Task51 [color="#006400", penwidth=2.0, label="Flow"];
  Task51 -> Task52 [color="#006400", penwidth=2.0, label="Flow"];
  Task52 -> Task54 [color="#006400", penwidth=2.0, label="Flow"];
  Task52 -> Task55 [color="#006400", penwidth=2.0, label="Flow"];
  Task54 -> Task55 [color="#006400", penwidth=2.0, label="Flow"];
  Task55 -> Task56 [color="#006400", penwidth=2.0, label="Flow"];
  Task61 -> Task63 [color="#006400", penwidth=2.0, label="Flow"];
  Task62 -> Task64 [color="#006400", penwidth=2.0, label="Flow"];
  Task63 -> Task64 [color="#006400", penwidth=2.0, label="Flow"];
  Task64 -> Task65 [color="#006400", penwidth=2.0, label="Flow"];
  Task65 -> Task66 [color="#006400", penwidth=2.0, label="Flow"];
  Task66 -> Task67 [color="#006400", penwidth=2.0, label="Flow"];
  Task66 -> Task69 [color="#006400", penwidth=2.0, label="Flow"];
  Task66 -> Task78 [color="#006400", penwidth=2.0, label="Flow"];
  Task66 -> Task102 [color="#006400", penwidth=2.0, label="Flow"];
  Task67 -> Task68 [color="#006400", penwidth=2.0, label="Flow"];
  Task68 -> Task78 [color="#006400", penwidth=2.0, label="Flow"];
  Task69 -> Task70 [color="#006400", penwidth=2.0, label="Flow"];
  Task69 -> Task72 [color="#006400", penwidth=2.0, label="Flow"];
  Task70 -> Task71 [color="#006400", penwidth=2.0, label="Flow"];
  Task71 -> Task72 [color="#006400", penwidth=2.0, label="Flow"];
  Task72 -> Task73 [color="#006400", penwidth=2.0, label="Flow"];
  Task73 -> Task74 [color="#006400", penwidth=2.0, label="Flow"];
  Task74 -> Task75 [color="#006400", penwidth=2.0, label="Flow"];
  Task75 -> Task76 [color="#006400", penwidth=2.0, label="Flow"];
  Task76 -> Task77 [color="#006400", penwidth=2.0, label="Flow"];
  Task77 -> Task80 [color="#006400", penwidth=2.0, label="Flow"];
  Task78 -> Task79 [color="#006400", penwidth=2.0, label="Flow"];
  Task79 -> Task81 [color="#006400", penwidth=2.0, label="Flow"];
  Task80 -> Task81 [color="#006400", penwidth=2.0, label="Flow"];
  Task81 -> Task82 [color="#006400", penwidth=2.0, label="Flow"];
  Task82 -> Task84 [color="#006400", penwidth=2.0, label="Flow"];
  Task83 -> Task85 [color="#006400", penwidth=2.0, label="Flow"];
  Task84 -> Task87 [color="#006400", penwidth=2.0, label="Flow"];
  Task85 -> Task87 [color="#006400", penwidth=2.0, label="Flow"];
  Task87 -> Task88 [color="#006400", penwidth=2.0, label="Flow"];
  Task88 -> Task89 [color="#006400", penwidth=2.0, label="Flow"];
  Task88 -> Task90 [color="#006400", penwidth=2.0, label="Flow"];
  Task88 -> Task92 [color="#006400", penwidth=2.0, label="Flow"];
  Task89 -> Task96 [color="#006400", penwidth=2.0, label="Flow"];
  Task90 -> Task91 [color="#006400", penwidth=2.0, label="Flow"];
  Task91 -> Task92 [color="#006400", penwidth=2.0, label="Flow"];
  Task92 -> Task93 [color="#006400", penwidth=2.0, label="Flow"];
  Task93 -> Task94 [color="#006400", penwidth=2.0, label="Flow"];
  Task94 -> Task95 [color="#006400", penwidth=2.0, label="Flow"];
  Task95 -> Task96 [color="#006400", penwidth=2.0, label="Flow"];
  Task96 -> Task98 [color="#006400", penwidth=2.0, label="Flow"];
  Task97 -> Task99 [color="#006400", penwidth=2.0, label="Flow"];
  Task98 -> Task100 [color="#006400", penwidth=2.0, label="Flow"];
  Task99 -> Task100 [color="#006400", penwidth=2.0, label="Flow"];
  Task100 -> Task101 [color="#006400", penwidth=2.0, label="Flow"];
  Task101 -> Task102 [color="#006400", penwidth=2.0, label="Flow"];
  Task102 -> Task103 [color="#006400", penwidth=2.0, label="Flow"];
  Task102 -> Task105 [color="#006400", penwidth=2.0, label="Flow"];
  Task102 -> Task114 [color="#006400", penwidth=2.0, label="Flow"];
  Task102 -> Task154 [color="#006400", penwidth=2.0, label="Flow"];
  Task103 -> Task104 [color="#006400", penwidth=2.0, label="Flow"];
  Task104 -> Task114 [color="#006400", penwidth=2.0, label="Flow"];
  Task105 -> Task106 [color="#006400", penwidth=2.0, label="Flow"];
  Task105 -> Task108 [color="#006400", penwidth=2.0, label="Flow"];
  Task106 -> Task107 [color="#006400", penwidth=2.0, label="Flow"];
  Task107 -> Task108 [color="#006400", penwidth=2.0, label="Flow"];
  Task108 -> Task109 [color="#006400", penwidth=2.0, label="Flow"];
  Task109 -> Task110 [color="#006400", penwidth=2.0, label="Flow"];
  Task110 -> Task111 [color="#006400", penwidth=2.0, label="Flow"];
  Task111 -> Task112 [color="#006400", penwidth=2.0, label="Flow"];
  Task112 -> Task113 [color="#006400", penwidth=2.0, label="Flow"];
  Task113 -> Task116 [color="#006400", penwidth=2.0, label="Flow"];
  Task114 -> Task115 [color="#006400", penwidth=2.0, label="Flow"];
  Task115 -> Task117 [color="#006400", penwidth=2.0, label="Flow"];
  Task116 -> Task117 [color="#006400", penwidth=2.0, label="Flow"];
  Task117 -> Task118 [color="#006400", penwidth=2.0, label="Flow"];
  Task118 -> Task120 [color="#006400", penwidth=2.0, label="Flow"];
  Task119 -> Task121 [color="#006400", penwidth=2.0, label="Flow"];
  Task120 -> Task122 [color="#006400", penwidth=2.0, label="Flow"];
  Task120 -> Task127 [color="#006400", penwidth=2.0, label="Flow"];
  Task120 -> Task131 [color="#006400", penwidth=2.0, label="Flow"];
  Task121 -> Task122 [color="#006400", penwidth=2.0, label="Flow"];
  Task122 -> Task123 [color="#006400", penwidth=2.0, label="Flow"];
  Task124 -> Task135 [color="#006400", penwidth=2.0, label="Flow"];
  Task125 -> Task126 [color="#006400", penwidth=2.0, label="Flow"];
  Task126 -> Task127 [color="#006400", penwidth=2.0, label="Flow"];
  Task127 -> Task128 [color="#006400", penwidth=2.0, label="Flow"];
  Task129 -> Task130 [color="#006400", penwidth=2.0, label="Flow"];
  Task130 -> Task131 [color="#006400", penwidth=2.0, label="Flow"];
  Task131 -> Task132 [color="#006400", penwidth=2.0, label="Flow"];
  Task133 -> Task146 [color="#006400", penwidth=2.0, label="Flow"];
  Task134 -> Task136 [color="#006400", penwidth=2.0, label="Flow"];
  Task138 -> Task139 [color="#006400", penwidth=2.0, label="Flow"];
  Task139 -> Task140 [color="#006400", penwidth=2.0, label="Flow"];
  Task139 -> Task141 [color="#006400", penwidth=2.0, label="Flow"];
  Task141 -> Task142 [color="#006400", penwidth=2.0, label="Flow"];
  Task142 -> Task143 [color="#006400", penwidth=2.0, label="Flow"];
  Task142 -> Task144 [color="#006400", penwidth=2.0, label="Flow"];
  Task143 -> Task144 [color="#006400", penwidth=2.0, label="Flow"];
  Task144 -> Task145 [color="#006400", penwidth=2.0, label="Flow"];
  Task149 -> Task151 [color="#006400", penwidth=2.0, label="Flow"];
  Task150 -> Task152 [color="#006400", penwidth=2.0, label="Flow"];
  Task151 -> Task152 [color="#006400", penwidth=2.0, label="Flow"];
  Task152 -> Task153 [color="#006400", penwidth=2.0, label="Flow"];
  Task153 -> Task154 [color="#006400", penwidth=2.0, label="Flow"];
  Task154 -> Task155 [color="#006400", penwidth=2.0, label="Flow"];
  Task154 -> Task157 [color="#006400", penwidth=2.0, label="Flow"];
  Task154 -> Task166 [color="#006400", penwidth=2.0, label="Flow"];
  Task154 -> Task189 [color="#006400", penwidth=2.0, label="Flow"];
  Task155 -> Task156 [color="#006400", penwidth=2.0, label="Flow"];
  Task156 -> Task166 [color="#006400", penwidth=2.0, label="Flow"];
  Task157 -> Task158 [color="#006400", penwidth=2.0, label="Flow"];
  Task157 -> Task160 [color="#006400", penwidth=2.0, label="Flow"];
  Task158 -> Task159 [color="#006400", penwidth=2.0, label="Flow"];
  Task159 -> Task160 [color="#006400", penwidth=2.0, label="Flow"];
  Task160 -> Task161 [color="#006400", penwidth=2.0, label="Flow"];
  Task161 -> Task162 [color="#006400", penwidth=2.0, label="Flow"];
  Task162 -> Task163 [color="#006400", penwidth=2.0, label="Flow"];
  Task163 -> Task164 [color="#006400", penwidth=2.0, label="Flow"];
  Task164 -> Task165 [color="#006400", penwidth=2.0, label="Flow"];
  Task165 -> Task168 [color="#006400", penwidth=2.0, label="Flow"];
  Task166 -> Task167 [color="#006400", penwidth=2.0, label="Flow"];
  Task167 -> Task169 [color="#006400", penwidth=2.0, label="Flow"];
  Task168 -> Task169 [color="#006400", penwidth=2.0, label="Flow"];
  Task169 -> Task170 [color="#006400", penwidth=2.0, label="Flow"];
  Task170 -> Task172 [color="#006400", penwidth=2.0, label="Flow"];
  Task171 -> Task173 [color="#006400", penwidth=2.0, label="Flow"];
  Task172 -> Task174 [color="#006400", penwidth=2.0, label="Flow"];
  Task173 -> Task174 [color="#006400", penwidth=2.0, label="Flow"];
  Task174 -> Task175 [color="#006400", penwidth=2.0, label="Flow"];
  Task175 -> Task176 [color="#006400", penwidth=2.0, label="Flow"];
  Task175 -> Task177 [color="#006400", penwidth=2.0, label="Flow"];
  Task175 -> Task179 [color="#006400", penwidth=2.0, label="Flow"];
  Task176 -> Task183 [color="#006400", penwidth=2.0, label="Flow"];
  Task177 -> Task178 [color="#006400", penwidth=2.0, label="Flow"];
  Task178 -> Task179 [color="#006400", penwidth=2.0, label="Flow"];
  Task179 -> Task180 [color="#006400", penwidth=2.0, label="Flow"];
  Task180 -> Task181 [color="#006400", penwidth=2.0, label="Flow"];
  Task181 -> Task182 [color="#006400", penwidth=2.0, label="Flow"];
  Task182 -> Task183 [color="#006400", penwidth=2.0, label="Flow"];
  Task183 -> Task185 [color="#006400", penwidth=2.0, label="Flow"];
  Task184 -> Task186 [color="#006400", penwidth=2.0, label="Flow"];
  Task185 -> Task187 [color="#006400", penwidth=2.0, label="Flow"];
  Task186 -> Task187 [color="#006400", penwidth=2.0, label="Flow"];
  Task187 -> Task188 [color="#006400", penwidth=2.0, label="Flow"];
  Task188 -> Task189 [color="#006400", penwidth=2.0, label="Flow"];
}

=== Profit-Based Spatial Orchestration (Resource Complementarity) ===
MaxFusionSize=20

--- Time Step 0 ---
  Block 138 (Ops: 28, Score: 1.76) -> Placed at (0, 0)
  Block 45 (Ops: 28, Score: 1.76) -> Placed at (1, 0)
  Block 59 (Ops: 31, Score: 1.35) -> Placed at (2, 0)
  Block 147 (Ops: 31, Score: 1.35) -> Placed at (3, 0)
  Block 137 (Ops: 31, Score: 1.35) -> Placed at (0, 1)
  Block 44 (Ops: 31, Score: 1.35) -> Placed at (1, 1)
  Block 2 (Ops: 31, Score: 1.08) -> Placed at (2, 1)
  Block 4 (Ops: 31, Score: 1.08) -> Placed at (3, 1)
  Block 46 (Ops: 29, Score: 0.78) -> Placed at (0, 2)
  Block 86 (Ops: 24, Score: 0.32) -> Placed at (1, 2)
  Block 184 (Ops: 23, Score: 0.25) -> Placed at (2, 2)
  Block 83 (Ops: 23, Score: 0.25) -> Placed at (3, 2)
  Block 97 (Ops: 23, Score: 0.25) -> Placed at (0, 3)
  Block 171 (Ops: 23, Score: 0.25) -> Placed at (1, 3)
  Block 43 (Ops: 24, Score: 0.25) -> Placed at (2, 3)
  Block 40 (Ops: 27, Score: 0.25) -> Placed at (3, 3)
Step Latency: 31

--- Time Step 1 ---
  Block 139 (Ops: 30, Score: 0.64) -> Placed at (0, 0)
  Block 47 (Ops: 30, Score: 0.64) -> Placed at (1, 0)
  Block 3 (Ops: 10, Score: 0.63) -> Placed at (2, 0)
  Block 173 (Ops: 25, Score: 0.44) -> Placed at (3, 0)
  Block 85 (Ops: 25, Score: 0.44) -> Placed at (0, 1)
  Block 134 (Ops: 27, Score: 0.25) -> Placed at (1, 1)
  Block 42 (Ops: 27, Score: 0.25) -> Placed at (2, 1)
  Block 39 (Ops: 27, Score: 0.25) -> Placed at (3, 1)
  Block 133 (Ops: 27, Score: 0.25) -> Placed at (0, 2)
  Block 124 (Ops: 27, Score: 0.25) -> Placed at (1, 2)
  Block 30 (Ops: 27, Score: 0.25) -> Placed at (2, 2)
  Block 148 (Ops: 27, Score: 0.25) -> Placed at (3, 2)
  Block 60 (Ops: 27, Score: 0.25) -> Placed at (0, 3)
  Block 27 (Ops: 24, Score: 0.19) -> Placed at (1, 3)
  Block 58 (Ops: 24, Score: 0.19) -> Placed at (2, 3)
  Block 0 (Ops: 24, Score: 0.19) -> Placed at (3, 3)
Step Latency: 30

--- Time Step 2 ---
  Block 50 (Ops: 34, Score: 1.42) -> Placed at (0, 0)
  Block 140 (Ops: 34, Score: 1.42) -> Placed at (1, 0)
  Block 9 (Ops: 10, Score: 1.17) -> Placed at (2, 0)
  Block 51 (Ops: 29, Score: 0.95) -> Placed at (3, 0)
  Block 141 (Ops: 29, Score: 0.95) -> Placed at (0, 1)
  Block 7 (Ops: 10, Score: 0.42) -> Placed at (1, 1)
  Block 41 (Ops: 27, Score: 0.25) -> Placed at (2, 1)
  Block 135 (Ops: 27, Score: 0.25) -> Placed at (3, 1)
  Block 146 (Ops: 27, Score: 0.25) -> Placed at (0, 2)
  Block 57 (Ops: 27, Score: 0.25) -> Placed at (1, 2)
  Block 136 (Ops: 27, Score: 0.25) -> Placed at (2, 2)
  Block 31 (Ops: 23, Score: 0.18) -> Placed at (3, 2)
  Block 61 (Ops: 23, Score: 0.18) -> Placed at (0, 3)
  Block 119 (Ops: 23, Score: 0.18) -> Placed at (1, 3)
  Block 125 (Ops: 23, Score: 0.18) -> Placed at (2, 3)
  Block 129 (Ops: 23, Score: 0.18) -> Placed at (3, 3)
Step Latency: 34

--- Time Step 3 ---
  Block 52 (Ops: 28, Score: 1.76) -> Placed at (0, 0)
  Block 142 (Ops: 28, Score: 1.76) -> Placed at (1, 0)
  Block 12 (Ops: 10, Score: 0.69) -> Placed at (2, 0)
  Block 19 (Ops: 10, Score: 0.55) -> Placed at (3, 0)
  Block 63 (Ops: 25, Score: 0.32) -> Placed at (0, 1)
  Block 121 (Ops: 25, Score: 0.32) -> Placed at (1, 1)
  Block 149 (Ops: 23, Score: 0.18) -> Placed at (2, 1)
  Block 24 (Ops: 23, Score: 0.18) -> Placed at (3, 1)
  Block 35 (Ops: 23, Score: 0.18) -> Placed at (0, 2)
  Block 1 (Ops: 31, Score: 0.12) -> Placed at (1, 2)
  Block 53 (Ops: 26, Score: 0.11) -> Placed at (2, 2)
  Block 48 (Ops: 24, Score: 0.09) -> Placed at (3, 2)
  Block 49 (Ops: 24, Score: 0.09) -> Placed at (0, 3)
  Block 10 (Ops: 24, Score: 0.08) -> Placed at (1, 3)
  Block 6 (Ops: 24, Score: 0.08) -> Placed at (2, 3)
Step Latency: 31

--- Time Step 4 ---
  Block 62 (Ops: 10, Score: 1.66) -> Placed at (0, 0)
  Block 54 (Ops: 29, Score: 0.75) -> Placed at (1, 0)
  Block 143 (Ops: 29, Score: 0.75) -> Placed at (2, 0)
  Block 14 (Ops: 10, Score: 0.69) -> Placed at (3, 0)
  Block 151 (Ops: 25, Score: 0.32) -> Placed at (0, 1)
  Block 26 (Ops: 25, Score: 0.32) -> Placed at (1, 1)
Step Latency: 29

--- Time Step 5 ---
  Block 150 (Ops: 10, Score: 1.66) -> Placed at (0, 0)
  Block 55 (Ops: 10, Score: 0.95) -> Placed at (1, 0)
  Block 144 (Ops: 10, Score: 0.95) -> Placed at (2, 0)
  Block 65 (Ops: 10, Score: 0.63) -> Placed at (3, 0)
  Block 16 (Ops: 10, Score: 0.34) -> Placed at (0, 1)
Step Latency: 10

--- Time Step 6 ---
  Block 69 (Ops: 10, Score: 1.17) -> Placed at (0, 0)
  Block 18 (Ops: 10, Score: 0.56) -> Placed at (1, 0)
  Block 67 (Ops: 10, Score: 0.42) -> Placed at (2, 0)
Step Latency: 10

--- Time Step 7 ---
  Block 71 (Ops: 10, Score: 0.69) -> Placed at (0, 0)
  Block 22 (Ops: 10, Score: 0.55) -> Placed at (1, 0)
  Block 78 (Ops: 10, Score: 0.55) -> Placed at (2, 0)
Step Latency: 10

--- Time Step 8 ---
  Block 25 (Ops: 10, Score: 1.66) -> Placed at (0, 0)
  Block 73 (Ops: 10, Score: 0.69) -> Placed at (1, 0)
Step Latency: 10

--- Time Step 9 ---
  Block 32 (Ops: 10, Score: 1.66) -> Placed at (0, 0)
  Block 36 (Ops: 10, Score: 1.66) -> Placed at (1, 0)
  Block 29 (Ops: 27, Score: 0.55) -> Placed at (2, 0)
  Block 75 (Ops: 10, Score: 0.34) -> Placed at (3, 0)
Step Latency: 27

--- Time Step 10 ---
  Block 77 (Ops: 10, Score: 0.56) -> Placed at (0, 0)
  Block 34 (Ops: 27, Score: 0.55) -> Placed at (1, 0)
  Block 38 (Ops: 27, Score: 0.55) -> Placed at (2, 0)
Step Latency: 27

--- Time Step 11 ---
  Block 81 (Ops: 10, Score: 0.55) -> Placed at (0, 0)
Step Latency: 10

--- Time Step 12 ---
  Block 84 (Ops: 10, Score: 2.29) -> Placed at (0, 0)
Step Latency: 10

--- Time Step 13 ---
  Block 88 (Ops: 10, Score: 1.59) -> Placed at (0, 0)
Step Latency: 10

--- Time Step 14 ---
  Block 90 (Ops: 10, Score: 2.60) -> Placed at (0, 0)
Step Latency: 10

--- Time Step 15 ---
  Block 92 (Ops: 10, Score: 2.60) -> Placed at (0, 0)
Step Latency: 10

--- Time Step 16 ---
  Block 94 (Ops: 10, Score: 1.59) -> Placed at (0, 0)
Step Latency: 10

--- Time Step 17 ---
  Block 96 (Ops: 10, Score: 0.95) -> Placed at (0, 0)
Step Latency: 10

--- Time Step 18 ---
  Block 99 (Ops: 10, Score: 2.29) -> Placed at (0, 0)
Step Latency: 10

--- Time Step 19 ---
  Block 101 (Ops: 10, Score: 0.63) -> Placed at (0, 0)
Step Latency: 10

--- Time Step 20 ---
  Block 105 (Ops: 10, Score: 1.17) -> Placed at (0, 0)
  Block 153 (Ops: 10, Score: 0.63) -> Placed at (1, 0)
  Block 103 (Ops: 10, Score: 0.42) -> Placed at (2, 0)
Step Latency: 10

--- Time Step 21 ---
  Block 157 (Ops: 10, Score: 1.17) -> Placed at (0, 0)
  Block 107 (Ops: 10, Score: 0.69) -> Placed at (1, 0)
  Block 114 (Ops: 10, Score: 0.55) -> Placed at (2, 0)
  Block 155 (Ops: 10, Score: 0.42) -> Placed at (3, 0)
Step Latency: 10

--- Time Step 22 ---
  Block 159 (Ops: 10, Score: 0.69) -> Placed at (0, 0)
  Block 109 (Ops: 10, Score: 0.69) -> Placed at (1, 0)
  Block 166 (Ops: 10, Score: 0.55) -> Placed at (2, 0)
Step Latency: 10

--- Time Step 23 ---
  Block 161 (Ops: 10, Score: 0.69) -> Placed at (0, 0)
  Block 111 (Ops: 10, Score: 0.34) -> Placed at (1, 0)
Step Latency: 10

--- Time Step 24 ---
  Block 113 (Ops: 10, Score: 0.56) -> Placed at (0, 0)
  Block 163 (Ops: 10, Score: 0.34) -> Placed at (1, 0)
Step Latency: 10

--- Time Step 25 ---
  Block 165 (Ops: 10, Score: 0.56) -> Placed at (0, 0)
  Block 117 (Ops: 10, Score: 0.55) -> Placed at (1, 0)
Step Latency: 10

--- Time Step 26 ---
  Block 120 (Ops: 10, Score: 1.66) -> Placed at (0, 0)
  Block 169 (Ops: 10, Score: 0.55) -> Placed at (1, 0)
Step Latency: 10

--- Time Step 27 ---
  Block 172 (Ops: 10, Score: 2.29) -> Placed at (0, 0)
  Block 126 (Ops: 10, Score: 1.66) -> Placed at (1, 0)
  Block 130 (Ops: 10, Score: 1.66) -> Placed at (2, 0)
  Block 123 (Ops: 27, Score: 0.55) -> Placed at (3, 0)
Step Latency: 27

--- Time Step 28 ---
  Block 175 (Ops: 10, Score: 1.59) -> Placed at (0, 0)
  Block 128 (Ops: 27, Score: 0.55) -> Placed at (1, 0)
  Block 132 (Ops: 27, Score: 0.55) -> Placed at (2, 0)
Step Latency: 27

--- Time Step 29 ---
  Block 177 (Ops: 10, Score: 2.60) -> Placed at (0, 0)
Step Latency: 10

--- Time Step 30 ---
  Block 179 (Ops: 10, Score: 2.60) -> Placed at (0, 0)
Step Latency: 10

--- Time Step 31 ---
  Block 181 (Ops: 10, Score: 1.59) -> Placed at (0, 0)
Step Latency: 10

--- Time Step 32 ---
  Block 183 (Ops: 10, Score: 0.95) -> Placed at (0, 0)
Step Latency: 10

--- Time Step 33 ---
  Block 186 (Ops: 10, Score: 2.29) -> Placed at (0, 0)
Step Latency: 10

--- Time Step 34 ---
  Block 188 (Ops: 10, Score: 0.63) -> Placed at (0, 0)
Step Latency: 10

[RESULT] TimeSteps=35 Blocks=129 Latency=523 Failed=0
==========================================
=== Negotiated Routing (PathFinder) ===
Identified 82 inter-tile nets.
Iter 0: 32 overflow links.
Iter 1: 44 overflow links.
Iter 2: 42 overflow links.
Iter 3: 40 overflow links.
Iter 4: 40 overflow links.
Iter 5: 40 overflow links.
Iter 6: 41 overflow links.
Iter 7: 41 overflow links.
Iter 8: 40 overflow links.
Iter 9: 41 overflow links.
Iter 10: 42 overflow links.
Iter 11: 42 overflow links.
Iter 12: 41 overflow links.
Iter 13: 42 overflow links.
Iter 14: 42 overflow links.
Iter 15: 41 overflow links.
Iter 16: 42 overflow links.
Iter 17: 41 overflow links.
Iter 18: 41 overflow links.
Iter 19: 43 overflow links.
Iter 20: 41 overflow links.
Iter 21: 41 overflow links.
Iter 22: 42 overflow links.
Iter 23: 41 overflow links.
Iter 24: 41 overflow links.
Iter 25: 42 overflow links.
Iter 26: 40 overflow links.
Iter 27: 40 overflow links.
Iter 28: 42 overflow links.
Iter 29: 39 overflow links.
Iter 30: 41 overflow links.
Iter 31: 41 overflow links.
Iter 32: 40 overflow links.
Iter 33: 40 overflow links.
Iter 34: 41 overflow links.
Iter 35: 37 overflow links.
Iter 36: 34 overflow links.
Iter 37: 32 overflow links.
Iter 38: 25 overflow links.
Iter 39: 23 overflow links.
Iter 40: 14 overflow links.
Iter 41: 9 overflow links.
Iter 42: 3 overflow links.
Routing converged at iter 43!
Net 2->3: (2,0)
Net 4->5: (3,1)->(2,1)->(2,0)
Net 5->7: (1,1)
Net 5->19: (3,0)
Net 5->66: (3,0)
Net 8->19: (3,0)
Net 13->14: (2,0)->(3,0)
Net 15->16: (0,1)
Net 17->18: (1,0)
Net 20->22: (1,0)
Net 23->25: (0,0)
Net 24->26: (1,1)
Net 25->37: (1,0)
Net 26->28: (0,0)
Net 28->29: (2,0)
Net 30->41: (2,2)->(2,1)
Net 31->32: (0,0)
Net 33->34: (1,0)
Net 35->36: (1,0)
Net 37->38: (2,0)
Net 39->57: (3,1)->(3,2)->(2,2)->(1,2)
Net 40->42: (2,1)
Net 46->47: (1,0)
Net 46->139: (0,0)
Net 47->50: (0,0)
Net 47->51: (3,0)
Net 51->52: (0,0)
Net 52->54: (1,0)
Net 52->55: (1,0)
Net 61->63: (0,1)
Net 63->64: (0,0)
Net 64->65: (3,0)
Net 66->67: (2,0)
Net 66->69: (0,0)
Net 66->78: (2,0)
Net 66->102: (0,0)
Net 72->73: (1,0)
Net 74->75: (3,0)
Net 76->77: (0,0)
Net 79->81: (0,0)
Net 83->85: (3,2)->(3,3)->(2,3)->(1,3)->(0,3)->(0,2)->(0,1)
Net 85->87: (0,0)
Net 97->99: (0,0)
Net 102->103: (2,0)
Net 102->114: (2,0)
Net 102->154: (1,0)
Net 105->108: (1,0)
Net 106->107: (1,0)
Net 112->113: (0,0)
Net 115->117: (1,0)
Net 116->117: (1,0)
Net 118->120: (0,0)
Net 119->121: (1,1)
Net 120->127: (1,0)
Net 120->131: (2,0)
Net 121->122: (0,0)
Net 122->123: (3,0)
Net 124->135: (1,2)->(1,1)->(2,1)->(3,1)
Net 125->126: (1,0)
Net 129->130: (2,0)
Net 134->136: (1,1)->(1,2)->(2,2)
Net 139->140: (1,0)
Net 139->141: (0,0)->(0,1)
Net 141->142: (0,1)->(1,1)->(1,0)
Net 142->143: (2,0)
Net 142->144: (2,0)
Net 149->151: (2,1)->(1,1)->(0,1)
Net 151->152: (0,1)->(0,0)
Net 152->153: (1,0)
Net 154->155: (3,0)
Net 154->157: (0,0)
Net 154->166: (1,0)->(2,0)
Net 154->189: (0,0)
Net 156->166: (3,0)->(2,0)
Net 162->163: (1,0)
Net 164->165: (0,0)
Net 167->169: (2,0)->(1,0)
Net 168->169: (0,0)->(1,0)
Net 170->172: (1,0)->(0,0)
Net 171->173: (1,3)->(2,3)->(3,3)->(3,2)->(3,1)->(3,0)
Net 173->174: (0,0)
Net 184->186: (0,0)
